[backblue.gif]
[fade.gif]
[index.html]
[maxcdn.bootstrapcdn.com/bootstrap/4.0.0/css/bootstrap.min.css]
[maxcdn.bootstrapcdn.com/bootstrap/4.0.0/js/bootstrap.min.js]
[www.bulkwhatsapponline.club/logo/logo.png]
[cdnjs.cloudflare.com/ajax/libs/jquery/3.2.1/jquery.min.js]
[www.bulkwhatsapponline.club/index.html]
[www.bulkwhatsapponline.club/css/bootstrap.css]
[www.bulkwhatsapponline.club/css/style.css]
[www.bulkwhatsapponline.club/css/font-awesome.css]
[www.bulkwhatsapponline.club/css/SidebarNav.min.css]
[www.bulkwhatsapponline.club/js/jquery-1.11.1.min.html]
[www.bulkwhatsapponline.club/js/modernizr.custom.html]
[fonts.googleapis.com/css1512.css]
[www.bulkwhatsapponline.club/js/metisMenu.min.html]
[www.bulkwhatsapponline.club/js/custom.html]
[www.bulkwhatsapponline.club/css/custom.css]
[maxcdn.bootstrapcdn.com/bootstrap/4.0.0/css/bootstrap.min.css]
[www.bulkwhatsapponline.club/js/SidebarNav.min.html]
[www.bulkwhatsapponline.club/js/classie.html]
[www.bulkwhatsapponline.club/js/jquery.nicescroll.html]
[www.bulkwhatsapponline.club/js/scripts.html]
[www.bulkwhatsapponline.club/js/bootstrap.html]
[www.bulkwhatsapponline.club/fonts/glyphicons-halflings-regular.html]
[www.bulkwhatsapponline.club/fonts/glyphicons-halflings-regulard41d.html]
[www.bulkwhatsapponline.club/fonts/glyphicons-halflings-regular-2.html]
[www.bulkwhatsapponline.club/fonts/glyphicons-halflings-regular-3.html]
[www.bulkwhatsapponline.club/fonts/glyphicons-halflings-regular-4.html]
[www.bulkwhatsapponline.club/fonts/glyphicons-halflings-regular-5.html]
[www.bulkwhatsapponline.club/images/search-icon.html]
[www.bulkwhatsapponline.club/images/user.html]
[www.bulkwhatsapponline.club/images/lock.html]
[www.bulkwhatsapponline.club/images/mail.html]
[www.bulkwhatsapponline.club/images/weather.html]
[www.bulkwhatsapponline.club/images/img1.html]
[www.bulkwhatsapponline.club/images/tick.html]
[www.bulkwhatsapponline.club/fonts/fontawesome-webfont5b62.html]
[www.bulkwhatsapponline.club/fonts/fontawesome-webfontd41d.html]
[www.bulkwhatsapponline.club/fonts/fontawesome-webfont5b62-2.html]
[www.bulkwhatsapponline.club/fonts/fontawesome-webfont5b62-3.html]
[www.bulkwhatsapponline.club/fonts/fontawesome-webfont5b62-4.html]
[www.bulkwhatsapponline.club/fonts/fontawesome-webfont5b62-5.html]
